Ù(''á(''é(''8(''@(''è*''ì*''ð*''ô*''É(''Ñ(''²(''î)''Ø(''à(''è(''7(''?(''ç*''ë*''ï*''ó*''È(''Ð(''±(''¹(''×(''ß(''ç(''ö)''ø)''æ*''ê*''î*''ò*''Ç(''Ï(''°(''¸(''G(''O(''ó)''õ)''÷)''ù)''û)''ý)''þ)''U(''](''¯(''·(''F(''N(''V(''ô)''½(''Å(''<(''D(''L(''T(k)l)\(''d(''l(''Æ(''Î(''Ö(''R(''Z(''Ä('';(''C(''K(‡)j)S(''[(''c(''k(''Å(''Í(''Õ(''Q(''Y(''Ã('':(''B(''J(''ï)''c(''b(''j(''½(''Ì(''Ô(''²(''º(''Â(''9(''A(''I('†)Z(''-*''1*''i(''¼(''Ë(''Ó(''±(''¹(''Á(''8(''@(''H('…)P('',*''0*';)h(''»(''Ê(''Ò(''°(`)'¸(a)'À(''7(''?(''G(''O(''W(''/*9):)g(''º(''É(''Ñ(''¯(''ÿ*''+''+b)'+c)'F(d)'N(e)f)V(''.*''f(''¹(''ñ)''î)''¾(''
+''+''+''+''»(''ï)''Ý(''å(''´(''l(''t(''µ(''½(''	+''+''+''+''º(''Â(''Ü(''ä(''³(''