Í#''õ#J,'ú#ê+'ÿ#ë+'×#ð+'ð#ñ+'Í#',(,×#ð+'ð#ñ+'Í#',(,×#ð+(,ð#ñ+'Í#',(,×#ð+(,ð#ñ+'Í#',(,õ#ì+'ú#í+ï+ÿ#î+ï+Í#',(,ï#'I,ô#'E,ù#õ+÷+þ#ö+÷+Ç#''Ì#''Ñ#'),Ö#''ï#''ô#''ù#''þ#''Ç#'),Ì#''Ñ#''Ö#''ï#''ô#''ù#''þ#''î#'Õ+ó#C,D,Å,''Ç,''ç,''é,''ë,''ç,''é,''ë,''ç,''é,''ë,''ç,''é,''ç,''é,''ë,''Ñ,''Ó,''í#,Ô+ò#''Ä,''Æ,''æ,''è,''ê,''æ,''è,''ê,''æ,''è,''ê,''æ,''è,''æ,''è,''ê,''Ð,''Ò,''ì#'Ö+ñ#''â,''å,''ò,''ì,''ï,''ò,''ì,''ï,''ò,''ì,''ï,''ò,''ï,''ò,''ì,''ò,''Ö,''Ù,''È#'Õ+Í#,'á,''ä,''ô,''î,'9*ñ,''ô,''î,''ñ,'9*ô,''î,''ñ,''ô,'9*ñ,9,:,ô,''î,''ô,''Õ,'9*Ø,''Ç#
,Ô+Ì#''à,''ã,''ó,''í,'8*ð,''ó,''í,''ð,'8*ó,''í,''ð,''ó,'8*ô,''î,''ñ,''ô,''Ô,'8*×,''Æ#',Ë#''â,''å,4*'ò,5*'ì,6*7*ï,''ò,4*'ì,5*'ï,6*7*ò,''î,4*'ñ,5*'ô,6*7*ó,''í,''ð,4*'ó,5*'Ö,6*7*Ù,''Ç#',Ê#''á,''ä,''ô,''î,''ñ,''ô,''î,''ñ,''ô,''í,''ð,''ó,''ò,''ì,''ï,''ò,''Õ,''Ø,''Ä#
,,É#''à,''ã,''ó,''í,''ð,''ó,''í,''ð,''ó,''ì,''ï,''ò,''ô,''î,''ñ,''ô,''Ô,''×,''î#,,õ#''â,''å,''ô,''î,''ñ,''ô,''ì,',ï,''ò,''î,''ñ,''ô,''ô,',î,''ñ,''ó,''Ö,''Ù,''ì#Ð+Ó+ò#''á,''ä,''ó,''í,''ð,''ó,''í,',ð,''ó,''í,''ð,''ó,''ó,',í,''ð,''ò,''Õ,''Ø,''È#Ð+Ò+ñ#,'à,''ã,''ô,''î,''ñ,,'ô,,'î,,,ñ,''ò,''ì,''ï,,'ò,,'ò,,,ì,''ï,''ô,''Ô,''×,''Ç#Ð+Ñ+Í#''É,''Ë,''Û,''Ý,''ß,''Ý,''ß,''Û,''Ý,''ß,''Û,''Ý,''ß,''Û,''Ý,''ß,''Í,''Ï,''î#,,Ì#''È,''Ê,''Ú,''Ü,''Þ,''Ü,''Þ,''Ú,''Ü,''Þ,''Ú,''Ü,''Þ,''Ú,''Ü,''Þ,''Ì,''Î,''